// Jest Snapshot v1, https://goo.gl/fbAQLP

exports[`verifier parseDeviceResponse should work 1`] = `
{
  "dsCertificate": {
    "issuer": {
      "countryName": "US",
      "stateOrProvinceName": undefined,
    },
    "validity": {
      "notAfter": 2021-10-01T00:00:00.000Z,
      "notBefore": 2020-10-01T00:00:00.000Z,
    },
  },
  "nameSpaces": {
    "org.iso.18013.5.1": {
      "document_number": "123456789",
      "driving_privileges": [
        Map {
          "vehicle_category_code" => "A",
          "issue_date" => 2018-08-09T00:00:00.000Z,
          "expiry_date" => 2024-10-20T00:00:00.000Z,
        },
        Map {
          "vehicle_category_code" => "B",
          "issue_date" => 2017-02-23T00:00:00.000Z,
          "expiry_date" => 2024-10-20T00:00:00.000Z,
        },
      ],
      "expiry_date": 2024-10-20T00:00:00.000Z,
      "family_name": "Doe",
      "issue_date": 2019-10-20T00:00:00.000Z,
      "portrait": {
        "data": [
          255,
          216,
          255,
          224,
          0,
          16,
          74,
          70,
          73,
          70,
          0,
          1,
          1,
          1,
          0,
          144,
          0,
          144,
          0,
          0,
          255,
          219,
          0,
          67,
          0,
          19,
          13,
          14,
          17,
          14,
          12,
          19,
          17,
          15,
          17,
          21,
          20,
          19,
          23,
          29,
          48,
          31,
          29,
          26,
          26,
          29,
          58,
          42,
          44,
          35,
          48,
          69,
          61,
          73,
          71,
          68,
          61,
          67,
          65,
          76,
          86,
          109,
          93,
          76,
          81,
          104,
          82,
          65,
          67,
          95,
          130,
          96,
          104,
          113,
          117,
          123,
          124,
          123,
          74,
          92,
          134,
          144,
          133,
          119,
          143,
          109,
          120,
          123,
          118,
          255,
          219,
          0,
          67,
          1,
          20,
          21,
          21,
          29,
          25,
          29,
          56,
          31,
          31,
          56,
          118,
          79,
          67,
          79,
          118,
          118,
          118,
          118,
          118,
          118,
          118,
          118,
          118,
          118,
          118,
          118,
          118,
          118,
          118,
          118,
          118,
          118,
          118,
          118,
          118,
          118,
          118,
          118,
          118,
          118,
          118,
          118,
          118,
          118,
          118,
          118,
          118,
          118,
          118,
          118,
          118,
          118,
          118,
          118,
          118,
          118,
          118,
          118,
          118,
          118,
          118,
          118,
          118,
          118,
          255,
          192,
          0,
          17,
          8,
          0,
          24,
          0,
          100,
          3,
          1,
          34,
          0,
          2,
          17,
          1,
          3,
          17,
          1,
          255,
          196,
          0,
          27,
          0,
          0,
          3,
          1,
          0,
          3,
          1,
          0,
          0,
          0,
          0,
          0,
          0,
          0,
          0,
          0,
          0,
          0,
          5,
          6,
          4,
          1,
          2,
          3,
          7,
          255,
          196,
          0,
          50,
          16,
          0,
          1,
          3,
          3,
          3,
          2,
          5,
          2,
          3,
          9,
          0,
          0,
          0,
          0,
          0,
          0,
          1,
          2,
          3,
          4,
          0,
          5,
          17,
          6,
          18,
          33,
          19,
          49,
          20,
          21,
          81,
          97,
          113,
          34,
          65,
          7,
          129,
          161,
          22,
          53,
          66,
          82,
          115,
          145,
          178,
          193,
          241,
          255,
          196,
          0,
          21,
          1,
          1,
          1,
          0,
          0,
          0,
          0,
          0,
          0,
          0,
          0,
          0,
          0,
          0,
          0,
          0,
          0,
          0,
          1,
          255,
          196,
          0,
          26,
          17,
          1,
          1,
          1,
          0,
          3,
          1,
          0,
          0,
          0,
          0,
          0,
          0,
          0,
          0,
          0,
          0,
          0,
          1,
          65,
          17,
          33,
          49,
          97,
          255,
          218,
          0,
          12,
          3,
          1,
          0,
          2,
          17,
          3,
          17,
          0,
          63,
          0,
          165,
          187,
          222,
          34,
          218,
          35,
          41,
          199,
          214,
          146,
          188,
          125,
          13,
          3,
          245,
          44,
          251,
          15,
          247,
          94,
          122,
          126,
          243,
          231,
          112,
          151,
          35,
          161,
          208,
          218,
          225,
          70,
          221,
          251,
          179,
          192,
          57,
          206,
          7,
          173,
          43,
          212,
          122,
          126,
          50,
          219,
          184,
          221,
          29,
          82,
          214,
          239,
          75,
          40,
          79,
          100,
          164,
          128,
          6,
          125,
          251,
          81,
          248,
          127,
          251,
          149,
          255,
          0,
          235,
          159,
          241,
          77,
          33,
          93,
          230,
          106,
          240,
          137,
          206,
          68,
          183,
          219,
          222,
          156,
          182,
          137,
          10,
          40,
          56,
          237,
          223,
          24,
          7,
          143,
          122,
          221,
          98,
          212,
          17,
          239,
          77,
          185,
          177,
          10,
          101,
          214,
          185,
          90,
          20,
          115,
          129,
          234,
          13,
          73,
          91,
          147,
          50,
          117,
          254,
          107,
          186,
          117,
          193,
          20,
          16,
          74,
          139,
          164,
          16,
          65,
          62,
          152,
          61,
          255,
          0,
          79,
          90,
          245,
          211,
          75,
          75,
          76,
          222,
          99,
          45,
          11,
          241,
          253,
          21,
          146,
          189,
          217,
          28,
          100,
          17,
          243,
          147,
          76,
          47,
          166,
          175,
          107,
          84,
          151,
          93,
          16,
          109,
          207,
          74,
          101,
          174,
          86,
          232,
          86,
          0,
          30,
          188,
          3,
          199,
          206,
          41,
          221,
          158,
          239,
          30,
          241,
          15,
          196,
          71,
          220,
          157,
          167,
          106,
          210,
          174,
          233,
          53,
          55,
          161,
          186,
          126,
          79,
          112,
          221,
          142,
          255,
          0,
          87,
          198,
          223,
          251,
          94,
          26,
          25,
          133,
          74,
          131,
          117,
          142,
          84,
          82,
          135,
          80,
          148,
          110,
          198,
          112,
          72,
          80,
          205,
          3,
          123,
          206,
          176,
          139,
          109,
          125,
          44,
          199,
          109,
          51,
          23,
          252,
          123,
          92,
          192,
          79,
          182,
          112,
          114,
          105,
          197,
          198,
          224,
          197,
          182,
          10,
          229,
          73,
          36,
          33,
          35,
          176,
          228,
          147,
          246,
          2,
          160,
          117,
          85,
          158,
          53,
          153,
          112,
          217,
          141,
          184,
          149,
          37,
          69,
          107,
          81,
          201,
          81,
          200,
          175,
          161,
          62,
          168,
          233,
          142,
          60,
          89,
          104,
          54,
          120,
          61,
          92,
          99,
          245,
          166,
          26,
          153,
          253,
          183,
          41,
          8,
          117,
          219,
          75,
          232,
          138,
          179,
          132,
          187,
          187,
          191,
          199,
          24,
          63,
          222,
          170,
          99,
          62,
          137,
          81,
          219,
          125,
          163,
          150,
          220,
          72,
          82,
          79,
          177,
          168,
          189,
          97,
          26,
          90,
          162,
          162,
          67,
          47,
          48,
          171,
          66,
          10,
          122,
          109,
          50,
          64,
          199,
          24,
          207,
          3,
          31,
          169,
          239,
          76,
          154,
          213,
          80,
          32,
          90,
          160,
          41,
          81,
          223,
          74,
          29,
          108,
          132,
          33,
          176,
          21,
          183,
          105,
          219,
          140,
          146,
          41,
          131,
          126,
          162,
          190,
          139,
          27,
          13,
          57,
          208,
          235,
          169,
          197,
          20,
          132,
          239,
          219,
          140,
          14,
          253,
          141,
          37,
          141,
          175,
          60,
          68,
          150,
          153,
          242,
          237,
          189,
          69,
          132,
          231,
          175,
          156,
          100,
          227,
          249,
          107,
          155,
          235,
          40,
          212,
          172,
          64,
          147,
          30,
          100,
          120,
          200,
          231,
          106,
          36,
          168,
          37,
          68,
          149,
          1,
          216,
          103,
          210,
          177,
          220,
          222,
          186,
          233,
          155,
          156,
          117,
          42,
          228,
          236,
          214,
          221,
          228,
          161,
          121,
          193,
          193,
          228,
          96,
          147,
          143,
          145,
          73,
          239,
          101,
          94,
          81,
          92,
          3,
          145,
          154,
          40,
          156,
          179,
          220,
          162,
          120,
          251,
          123,
          241,
          119,
          244,
          250,
          168,
          41,
          221,
          140,
          227,
          242,
          172,
          154,
          126,
          205,
          228,
          144,
          151,
          31,
          175,
          215,
          220,
          225,
          94,
          237,
          155,
          113,
          192,
          24,
          198,
          79,
          165,
          20,
          81,
          75,
          36,
          232,
          228,
          248,
          197,
          201,
          183,
          92,
          30,
          130,
          87,
          157,
          193,
          35,
          61,
          254,
          192,
          130,
          56,
          246,
          173,
          214,
          45,
          57,
          26,
          204,
          28,
          82,
          86,
          167,
          158,
          112,
          109,
          82,
          212,
          49,
          199,
          160,
          20,
          81,
          64,
          185,
          253,
          20,
          158,
          179,
          166,
          13,
          197,
          232,
          140,
          187,
          194,
          218,
          9,
          36,
          17,
          233,
          220,
          113,
          243,
          154,
          119,
          102,
          180,
          71,
          179,
          68,
          232,
          71,
          220,
          172,
          157,
          203,
          90,
          187,
          168,
          209,
          69,
          6,
          29,
          67,
          166,
          252,
          241,
          230,
          92,
          241,
          93,
          14,
          144,
          35,
          29,
          61,
          217,
          207,
          230,
          41,
          149,
          198,
          220,
          197,
          202,
          18,
          162,
          201,
          4,
          161,
          95,
          113,
          221,
          39,
          212,
          81,
          69,
          62,
          9,
          209,
          162,
          20,
          80,
          150,
          28,
          187,
          62,
          168,
          169,
          86,
          67,
          59,
          120,
          31,
          28,
          227,
          61,
          254,
          213,
          79,
          14,
          43,
          80,
          162,
          183,
          29,
          132,
          237,
          109,
          177,
          128,
          40,
          162,
          129,
          117,
          247,
          79,
          198,
          189,
          161,
          5,
          197,
          41,
          167,
          145,
          194,
          92,
          79,
          60,
          122,
          17,
          247,
          21,
          134,
          38,
          143,
          74,
          102,
          183,
          38,
          227,
          61,
          233,
          234,
          111,
          27,
          82,
          177,
          129,
          199,
          96,
          114,
          78,
          71,
          181,
          20,
          82,
          10,
          90,
          40,
          162,
          131,
          255,
          217,
        ],
        "type": "Buffer",
      },
    },
  },
  "validityInfo": {
    "signed": 2020-10-01T13:30:02.000Z,
    "validFrom": 2020-10-01T13:30:02.000Z,
    "validUntil": 2021-10-01T13:30:02.000Z,
  },
}
`;

exports[`verifier parseDeviceResponse should work 2`] = `
{
  "nameSpaces": DataItem {},
}
`;
