// Jest Snapshot v1, https://goo.gl/fbAQLP

exports[`parse DeviceResponse Example 2 parse should decoded protected headers 1`] = `
Map {
  1 => -7,
}
`;

exports[`parse DeviceResponse Example 2 parse should match the snapshot 1`] = `
MDoc {
  "documents": [
    Document {
      "docType": "org.iso.18013.5.1.mDL",
    },
  ],
  "status": 0,
  "version": "1.0",
}
`;
