// Jest Snapshot v1, https://goo.gl/fbAQLP

exports[`parse an issuer signed mdoc should match the snapshot 1`] = `
MDoc {
  "documents": [
    Document {
      "docType": "org.iso.18013.5.1.mDL",
    },
  ],
  "status": 0,
  "version": "1.0",
}
`;
